#-----------------------------------------------------------
# Webtalk v2020.2 (64-bit)
# SW Build 3064766 on Wed Nov 18 09:12:47 MST 2020
# IP Build 3064653 on Wed Nov 18 14:17:31 MST 2020
# Start of session at: Wed Feb  1 14:56:53 2023
# Process ID: 102843
# Current directory: /uio/hume/student-u06/tsauren/Documents/IN3160/lab1/cookbook/project_1/project_1.sim/sim_1/synth/func/xsim
# Command line: wbtcv -mode batch -source /uio/hume/student-u06/tsauren/Documents/IN3160/lab1/cookbook/project_1/project_1.sim/sim_1/synth/func/xsim/xsim.dir/TEST_FIRST_func_synth/webtalk/xsim_webtalk.tcl -notrace
# Log file: /uio/hume/student-u06/tsauren/Documents/IN3160/lab1/cookbook/project_1/project_1.sim/sim_1/synth/func/xsim/webtalk.log
# Journal file: /uio/hume/student-u06/tsauren/Documents/IN3160/lab1/cookbook/project_1/project_1.sim/sim_1/synth/func/xsim/webtalk.jou
#-----------------------------------------------------------
source /uio/hume/student-u06/tsauren/Documents/IN3160/lab1/cookbook/project_1/project_1.sim/sim_1/synth/func/xsim/xsim.dir/TEST_FIRST_func_synth/webtalk/xsim_webtalk.tcl -notrace
